// Jest Snapshot v1, https://goo.gl/fbAQLP

exports[`renders the stage1 form correctly when active 1`] = `
<Stage1Modal
  active={true}
  formUrl="test"
>
  <Modal
    autoFocus={true}
    backdrop={true}
    backdropTransition={
      Object {
        "mountOnEnter": true,
        "timeout": 150,
      }
    }
    centered={false}
    fade={true}
    isOpen={true}
    keyboard={true}
    modalTransition={
      Object {
        "timeout": 300,
      }
    }
    onClosed={[Function]}
    onOpened={[Function]}
    returnFocusAfterClose={true}
    role="dialog"
    scrollable={false}
    style={
      Object {
        "minWidth": "75%",
      }
    }
    unmountOnClose={true}
    zIndex={1050}
  >
    <Portal
      node={
        <div
          style="position: relative; z-index: 1050; display: block;"
          tabindex="-1"
        >
          <div
            class=""
          >
            <div
              class="modal fade"
              role="dialog"
              style="display: block;"
              tabindex="-1"
            >
              <div
                class="modal-dialog"
                role="document"
                style="min-width: 75%;"
              >
                <div
                  class="modal-content"
                >
                  <div
                    class="modal-header"
                  >
                    <h5
                      class="modal-title"
                    >
                      Project Setup Completed
                    </h5>
                  </div>
                  <div
                    class="modal-body"
                  >
                    <div>
                      The contents of the Project Setup form have been saved to the database.
                    </div>
                    <br />
                    <a
                      href="test"
                    >
                      Return to Project Setup form
                    </a>
                  </div>
                </div>
              </div>
            </div>
            <div
              class="modal-backdrop fade"
            />
          </div>
        </div>
      }
    >
      <Portal
        containerInfo={
          <div
            style="position: relative; z-index: 1050; display: block;"
            tabindex="-1"
          >
            <div
              class=""
            >
              <div
                class="modal fade"
                role="dialog"
                style="display: block;"
                tabindex="-1"
              >
                <div
                  class="modal-dialog"
                  role="document"
                  style="min-width: 75%;"
                >
                  <div
                    class="modal-content"
                  >
                    <div
                      class="modal-header"
                    >
                      <h5
                        class="modal-title"
                      >
                        Project Setup Completed
                      </h5>
                    </div>
                    <div
                      class="modal-body"
                    >
                      <div>
                        The contents of the Project Setup form have been saved to the database.
                      </div>
                      <br />
                      <a
                        href="test"
                      >
                        Return to Project Setup form
                      </a>
                    </div>
                  </div>
                </div>
              </div>
              <div
                class="modal-backdrop fade"
              />
            </div>
          </div>
        }
      >
        <div
          className=""
        >
          <Fade
            appear={true}
            baseClass="fade"
            baseClassActive="show"
            className="modal"
            enter={true}
            exit={true}
            in={true}
            mountOnEnter={false}
            onClick={[Function]}
            onEnter={[Function]}
            onEntered={[Function]}
            onEntering={[Function]}
            onExit={[Function]}
            onExited={[Function]}
            onExiting={[Function]}
            onKeyDown={[Function]}
            onKeyUp={[Function]}
            onMouseDown={[Function]}
            role="dialog"
            style={
              Object {
                "display": "block",
              }
            }
            tabIndex="-1"
            tag="div"
            timeout={300}
            unmountOnExit={false}
          >
            <Transition
              appear={true}
              enter={true}
              exit={true}
              in={true}
              mountOnEnter={false}
              onEnter={[Function]}
              onEntered={[Function]}
              onEntering={[Function]}
              onExit={[Function]}
              onExited={[Function]}
              onExiting={[Function]}
              timeout={300}
              unmountOnExit={false}
            >
              <div
                className="modal fade"
                onClick={[Function]}
                onKeyDown={[Function]}
                onKeyUp={[Function]}
                onMouseDown={[Function]}
                role="dialog"
                style={
                  Object {
                    "display": "block",
                  }
                }
                tabIndex="-1"
              >
                <div
                  className="modal-dialog"
                  role="document"
                  style={
                    Object {
                      "minWidth": "75%",
                    }
                  }
                >
                  <div
                    className="modal-content"
                  >
                    <ModalHeader
                      charCode={215}
                      closeAriaLabel="Close"
                      tag="h5"
                      wrapTag="div"
                    >
                      <div
                        className="modal-header"
                      >
                        <h5
                          className="modal-title"
                        >
                          Project Setup Completed
                        </h5>
                      </div>
                    </ModalHeader>
                    <ModalBody
                      tag="div"
                    >
                      <div
                        className="modal-body"
                      >
                        <div>
                          The contents of the Project Setup form have been saved to the database.
                        </div>
                        <br />
                        <a
                          href="test"
                        >
                          Return to Project Setup form
                        </a>
                      </div>
                    </ModalBody>
                  </div>
                </div>
              </div>
            </Transition>
          </Fade>
          <Fade
            appear={true}
            baseClass="fade"
            baseClassActive="show"
            className="modal-backdrop"
            enter={true}
            exit={true}
            in={true}
            mountOnEnter={true}
            onEnter={[Function]}
            onEntered={[Function]}
            onEntering={[Function]}
            onExit={[Function]}
            onExited={[Function]}
            onExiting={[Function]}
            tag="div"
            timeout={150}
            unmountOnExit={false}
          >
            <Transition
              appear={true}
              enter={true}
              exit={true}
              in={true}
              mountOnEnter={true}
              onEnter={[Function]}
              onEntered={[Function]}
              onEntering={[Function]}
              onExit={[Function]}
              onExited={[Function]}
              onExiting={[Function]}
              timeout={150}
              unmountOnExit={false}
            >
              <div
                className="modal-backdrop fade"
              />
            </Transition>
          </Fade>
        </div>
      </Portal>
    </Portal>
  </Modal>
</Stage1Modal>
`;

exports[`renders the stage1 form correctly when not active 1`] = `
<Stage1Modal
  active={false}
  formUrl="test"
>
  <Modal
    autoFocus={true}
    backdrop={true}
    backdropTransition={
      Object {
        "mountOnEnter": true,
        "timeout": 150,
      }
    }
    centered={false}
    fade={true}
    isOpen={false}
    keyboard={true}
    modalTransition={
      Object {
        "timeout": 300,
      }
    }
    onClosed={[Function]}
    onOpened={[Function]}
    returnFocusAfterClose={true}
    role="dialog"
    scrollable={false}
    style={
      Object {
        "minWidth": "75%",
      }
    }
    unmountOnClose={true}
    zIndex={1050}
  />
</Stage1Modal>
`;
